// Jest Snapshot v1, https://goo.gl/fbAQLP

exports[`expect to render stockCardList 1`] = `ShallowWrapper {}`;
