// Jest Snapshot v1, https://goo.gl/fbAQLP

exports[`expect to render stockCard 1`] = `ShallowWrapper {}`;
