// Jest Snapshot v1, https://goo.gl/fbAQLP

exports[`expect to render finTreemapCard 1`] = `ShallowWrapper {}`;
